Archive member included to satisfy reference by file (symbol)

lib/ulib.a(printf.o)          kernel/ktest.o (printf)
lib/ulib.a(vsprintf.o)        lib/ulib.a(printf.o) (vsprintf)

Allocating common symbols
Common symbol       size              file

idt_ptr             0x6               kernel/global.o
s_memman            0x7fe0            kernel/memman.o
argv                0xa00             kernel/shell.o
k_reenter           0x4               kernel/global.o
gdt                 0x400             kernel/global.o
hd_info             0x340             kernel/hd.o
current_console     0x4               kernel/tty.o
argc                0x4               kernel/shell.o
fd                  0x4               kernel/shell.o
tty_table           0xc84             kernel/global.o
state               0x4               kernel/fat32.o
cpu_table           0x2000            kernel/global.o
tss                 0x68              kernel/global.o
p_proc_current      0x4               kernel/global.o
cr3_ready           0x4               kernel/global.o
f_desc_table        0xa00             kernel/vfs.o
p_proc_next         0x4               kernel/global.o
disp_pos            0x4               kernel/global.o
f_desc_table_fat    0x10800           kernel/fat32.o
gdt_ptr             0x6               kernel/global.o
idt                 0x800             kernel/global.o
kernel_initial      0x4               kernel/global.o
super_block         0x200             kernel/vfs.o
PARTITION_ENTRY     0x10              kernel/start.o
ticks               0x4               kernel/global.o
buf                 0x4               kernel/fat32.o
console_table       0x48              kernel/global.o
irq_table           0x40              kernel/global.o
u_proc_sum          0x4               kernel/global.o
proc_table          0x18000           kernel/global.o
cr2_save            0x4               kernel/pagetbl.o

Discarded input sections

 .debug_info    0x0000000000000000      0x277 kernel/start.o
 .debug_abbrev  0x0000000000000000       0xd7 kernel/start.o
 .debug_aranges
                0x0000000000000000       0x20 kernel/start.o
 .debug_line    0x0000000000000000       0x82 kernel/start.o
 .debug_str     0x0000000000000000      0x223 kernel/start.o
 .note.GNU-stack
                0x0000000000000000        0x0 kernel/start.o
 .debug_info    0x0000000000000000      0x788 kernel/main.o
 .debug_abbrev  0x0000000000000000      0x1db kernel/main.o
 .debug_aranges
                0x0000000000000000       0x20 kernel/main.o
 .debug_line    0x0000000000000000      0x2f3 kernel/main.o
 .debug_str     0x0000000000000000      0x558 kernel/main.o
 .note.GNU-stack
                0x0000000000000000        0x0 kernel/main.o
 .debug_info    0x0000000000000000      0x5bd kernel/clock.o
 .debug_abbrev  0x0000000000000000      0x171 kernel/clock.o
 .debug_aranges
                0x0000000000000000       0x20 kernel/clock.o
 .debug_line    0x0000000000000000       0x92 kernel/clock.o
 .debug_str     0x0000000000000000      0x45a kernel/clock.o
 .note.GNU-stack
                0x0000000000000000        0x0 kernel/clock.o
 .debug_info    0x0000000000000000      0x1b9 kernel/i8259.o
 .debug_abbrev  0x0000000000000000      0x120 kernel/i8259.o
 .debug_aranges
                0x0000000000000000       0x20 kernel/i8259.o
 .debug_line    0x0000000000000000       0x90 kernel/i8259.o
 .debug_str     0x0000000000000000      0x1a0 kernel/i8259.o
 .note.GNU-stack
                0x0000000000000000        0x0 kernel/i8259.o
 .debug_info    0x0000000000000000      0xaa0 kernel/global.o
 .debug_abbrev  0x0000000000000000      0x142 kernel/global.o
 .debug_aranges
                0x0000000000000000       0x18 kernel/global.o
 .debug_line    0x0000000000000000       0x83 kernel/global.o
 .debug_str     0x0000000000000000      0x655 kernel/global.o
 .note.GNU-stack
                0x0000000000000000        0x0 kernel/global.o
 .debug_info    0x0000000000000000      0x9f4 kernel/protect.o
 .debug_abbrev  0x0000000000000000      0x248 kernel/protect.o
 .debug_aranges
                0x0000000000000000       0x20 kernel/protect.o
 .debug_line    0x0000000000000000      0x154 kernel/protect.o
 .debug_str     0x0000000000000000      0x5b0 kernel/protect.o
 .note.GNU-stack
                0x0000000000000000        0x0 kernel/protect.o
 .debug_info    0x0000000000000000      0x721 kernel/proc.o
 .debug_abbrev  0x0000000000000000      0x21f kernel/proc.o
 .debug_aranges
                0x0000000000000000       0x20 kernel/proc.o
 .debug_line    0x0000000000000000      0x112 kernel/proc.o
 .debug_str     0x0000000000000000      0x4bb kernel/proc.o
 .note.GNU-stack
                0x0000000000000000        0x0 kernel/proc.o
 .debug_info    0x0000000000000000      0x1fb lib/klib.o
 .debug_abbrev  0x0000000000000000      0x10d lib/klib.o
 .debug_aranges
                0x0000000000000000       0x20 lib/klib.o
 .debug_line    0x0000000000000000       0xaa lib/klib.o
 .debug_str     0x0000000000000000      0x178 lib/klib.o
 .note.GNU-stack
                0x0000000000000000        0x0 lib/klib.o
 .debug_info    0x0000000000000000       0x82 lib/stringc.o
 .debug_abbrev  0x0000000000000000       0x69 lib/stringc.o
 .debug_aranges
                0x0000000000000000       0x20 lib/stringc.o
 .debug_line    0x0000000000000000       0x56 lib/stringc.o
 .debug_str     0x0000000000000000       0x92 lib/stringc.o
 .note.GNU-stack
                0x0000000000000000        0x0 lib/stringc.o
 .debug_info    0x0000000000000000      0x7a9 kernel/syscallc.o
 .debug_abbrev  0x0000000000000000      0x1e2 kernel/syscallc.o
 .debug_aranges
                0x0000000000000000       0x20 kernel/syscallc.o
 .debug_line    0x0000000000000000       0xda kernel/syscallc.o
 .debug_str     0x0000000000000000      0x52b kernel/syscallc.o
 .note.GNU-stack
                0x0000000000000000        0x0 kernel/syscallc.o
 .debug_info    0x0000000000000000      0x631 kernel/memman.o
 .debug_abbrev  0x0000000000000000      0x1e2 kernel/memman.o
 .debug_aranges
                0x0000000000000000       0x20 kernel/memman.o
 .debug_line    0x0000000000000000      0x33c kernel/memman.o
 .debug_str     0x0000000000000000      0x287 kernel/memman.o
 .note.GNU-stack
                0x0000000000000000        0x0 kernel/memman.o
 .debug_info    0x0000000000000000      0xa32 kernel/pagetbl.o
 .debug_abbrev  0x0000000000000000      0x2c5 kernel/pagetbl.o
 .debug_aranges
                0x0000000000000000       0x20 kernel/pagetbl.o
 .debug_line    0x0000000000000000      0x160 kernel/pagetbl.o
 .debug_str     0x0000000000000000      0x635 kernel/pagetbl.o
 .note.GNU-stack
                0x0000000000000000        0x0 kernel/pagetbl.o
 .debug_info    0x0000000000000000      0x4ff kernel/elf.o
 .debug_abbrev  0x0000000000000000      0x123 kernel/elf.o
 .debug_aranges
                0x0000000000000000       0x20 kernel/elf.o
 .debug_line    0x0000000000000000      0x181 kernel/elf.o
 .debug_str     0x0000000000000000      0x315 kernel/elf.o
 .note.GNU-stack
                0x0000000000000000        0x0 kernel/elf.o
 .debug_info    0x0000000000000000      0x1ca kernel/file.o
 .debug_abbrev  0x0000000000000000       0xdb kernel/file.o
 .debug_aranges
                0x0000000000000000       0x20 kernel/file.o
 .debug_line    0x0000000000000000       0x65 kernel/file.o
 .debug_str     0x0000000000000000      0x196 kernel/file.o
 .note.GNU-stack
                0x0000000000000000        0x0 kernel/file.o
 .debug_info    0x0000000000000000      0x93b kernel/exec.o
 .debug_abbrev  0x0000000000000000      0x1ef kernel/exec.o
 .debug_aranges
                0x0000000000000000       0x20 kernel/exec.o
 .debug_line    0x0000000000000000      0x130 kernel/exec.o
 .debug_str     0x0000000000000000      0x639 kernel/exec.o
 .note.GNU-stack
                0x0000000000000000        0x0 kernel/exec.o
 .debug_info    0x0000000000000000      0x68a kernel/fork.o
 .debug_abbrev  0x0000000000000000      0x1b4 kernel/fork.o
 .debug_aranges
                0x0000000000000000       0x20 kernel/fork.o
 .debug_line    0x0000000000000000      0x1ac kernel/fork.o
 .debug_str     0x0000000000000000      0x493 kernel/fork.o
 .note.GNU-stack
                0x0000000000000000        0x0 kernel/fork.o
 .debug_info    0x0000000000000000      0x723 kernel/pthread.o
 .debug_abbrev  0x0000000000000000      0x1c2 kernel/pthread.o
 .debug_aranges
                0x0000000000000000       0x20 kernel/pthread.o
 .debug_line    0x0000000000000000       0xf6 kernel/pthread.o
 .debug_str     0x0000000000000000      0x4d1 kernel/pthread.o
 .note.GNU-stack
                0x0000000000000000        0x0 kernel/pthread.o
 .debug_info    0x0000000000000000      0x4be kernel/ktest.o
 .debug_abbrev  0x0000000000000000      0x170 kernel/ktest.o
 .debug_aranges
                0x0000000000000000       0x20 kernel/ktest.o
 .debug_ranges  0x0000000000000000       0x18 kernel/ktest.o
 .debug_line    0x0000000000000000       0xb6 kernel/ktest.o
 .debug_str     0x0000000000000000      0x265 kernel/ktest.o
 .note.GNU-stack
                0x0000000000000000        0x0 kernel/ktest.o
 .debug_info    0x0000000000000000      0x15e kernel/testfunc.o
 .debug_abbrev  0x0000000000000000       0x8d kernel/testfunc.o
 .debug_aranges
                0x0000000000000000       0x20 kernel/testfunc.o
 .debug_line    0x0000000000000000       0x74 kernel/testfunc.o
 .debug_str     0x0000000000000000      0x16c kernel/testfunc.o
 .note.GNU-stack
                0x0000000000000000        0x0 kernel/testfunc.o
 .debug_info    0x0000000000000000     0x1c41 kernel/fs.o
 .debug_abbrev  0x0000000000000000      0x33e kernel/fs.o
 .debug_aranges
                0x0000000000000000       0x20 kernel/fs.o
 .debug_line    0x0000000000000000      0x6f4 kernel/fs.o
 .debug_str     0x0000000000000000      0xac1 kernel/fs.o
 .note.GNU-stack
                0x0000000000000000        0x0 kernel/fs.o
 .debug_info    0x0000000000000000     0x1235 kernel/hd.o
 .debug_abbrev  0x0000000000000000      0x37d kernel/hd.o
 .debug_aranges
                0x0000000000000000       0x20 kernel/hd.o
 .debug_ranges  0x0000000000000000       0x30 kernel/hd.o
 .debug_line    0x0000000000000000      0x42b kernel/hd.o
 .debug_str     0x0000000000000000      0x8c2 kernel/hd.o
 .note.GNU-stack
                0x0000000000000000        0x0 kernel/hd.o
 .debug_info    0x0000000000000000      0x16e kernel/spinlock.o
 .debug_abbrev  0x0000000000000000       0xfd kernel/spinlock.o
 .debug_aranges
                0x0000000000000000       0x20 kernel/spinlock.o
 .debug_line    0x0000000000000000       0x6e kernel/spinlock.o
 .debug_str     0x0000000000000000      0x107 kernel/spinlock.o
 .note.GNU-stack
                0x0000000000000000        0x0 kernel/spinlock.o
 .debug_info    0x0000000000000000     0x17d3 kernel/fat32.o
 .debug_abbrev  0x0000000000000000      0x30a kernel/fat32.o
 .debug_aranges
                0x0000000000000000       0x20 kernel/fat32.o
 .debug_line    0x0000000000000000      0x41f kernel/fat32.o
 .debug_str     0x0000000000000000      0xaf5 kernel/fat32.o
 .note.GNU-stack
                0x0000000000000000        0x0 kernel/fat32.o
 .debug_info    0x0000000000000000     0x162e kernel/base.o
 .debug_abbrev  0x0000000000000000      0x2a5 kernel/base.o
 .debug_aranges
                0x0000000000000000       0x20 kernel/base.o
 .debug_line    0x0000000000000000      0x467 kernel/base.o
 .debug_str     0x0000000000000000      0xa5c kernel/base.o
 .note.GNU-stack
                0x0000000000000000        0x0 kernel/base.o
 .debug_info    0x0000000000000000      0x494 kernel/assist.o
 .debug_abbrev  0x0000000000000000      0x148 kernel/assist.o
 .debug_aranges
                0x0000000000000000       0x20 kernel/assist.o
 .debug_ranges  0x0000000000000000       0x20 kernel/assist.o
 .debug_line    0x0000000000000000      0x242 kernel/assist.o
 .debug_str     0x0000000000000000      0x27d kernel/assist.o
 .note.GNU-stack
                0x0000000000000000        0x0 kernel/assist.o
 .debug_info    0x0000000000000000     0x119a kernel/vfs.o
 .debug_abbrev  0x0000000000000000      0x2ca kernel/vfs.o
 .debug_aranges
                0x0000000000000000       0x20 kernel/vfs.o
 .debug_line    0x0000000000000000      0x2ad kernel/vfs.o
 .debug_str     0x0000000000000000      0x80f kernel/vfs.o
 .note.GNU-stack
                0x0000000000000000        0x0 kernel/vfs.o
 .debug_info    0x0000000000000000      0x67e kernel/keyboard.o
 .debug_abbrev  0x0000000000000000      0x1e8 kernel/keyboard.o
 .debug_aranges
                0x0000000000000000       0x20 kernel/keyboard.o
 .debug_line    0x0000000000000000      0x2a8 kernel/keyboard.o
 .debug_str     0x0000000000000000      0x3e2 kernel/keyboard.o
 .note.GNU-stack
                0x0000000000000000        0x0 kernel/keyboard.o
 .debug_info    0x0000000000000000      0x521 kernel/tty.o
 .debug_abbrev  0x0000000000000000      0x1e6 kernel/tty.o
 .debug_aranges
                0x0000000000000000       0x20 kernel/tty.o
 .debug_line    0x0000000000000000      0x1ba kernel/tty.o
 .debug_str     0x0000000000000000      0x2f6 kernel/tty.o
 .note.GNU-stack
                0x0000000000000000        0x0 kernel/tty.o
 .debug_info    0x0000000000000000      0x40f kernel/shell.o
 .debug_abbrev  0x0000000000000000      0x174 kernel/shell.o
 .debug_aranges
                0x0000000000000000       0x20 kernel/shell.o
 .debug_line    0x0000000000000000       0xfb kernel/shell.o
 .debug_str     0x0000000000000000      0x1d4 kernel/shell.o
 .note.GNU-stack
                0x0000000000000000        0x0 kernel/shell.o
 .debug_info    0x0000000000000000      0x54c kernel/console.o
 .debug_abbrev  0x0000000000000000      0x1f4 kernel/console.o
 .debug_aranges
                0x0000000000000000       0x20 kernel/console.o
 .debug_line    0x0000000000000000      0x1a4 kernel/console.o
 .debug_str     0x0000000000000000      0x340 kernel/console.o
 .note.GNU-stack
                0x0000000000000000        0x0 kernel/console.o
 .debug_info    0x0000000000000000       0xe1 lib/ulib.a(printf.o)
 .debug_abbrev  0x0000000000000000       0x98 lib/ulib.a(printf.o)
 .debug_aranges
                0x0000000000000000       0x20 lib/ulib.a(printf.o)
 .debug_line    0x0000000000000000       0x5b lib/ulib.a(printf.o)
 .debug_str     0x0000000000000000       0xe3 lib/ulib.a(printf.o)
 .note.GNU-stack
                0x0000000000000000        0x0 lib/ulib.a(printf.o)
 .debug_info    0x0000000000000000      0x386 lib/ulib.a(vsprintf.o)
 .debug_abbrev  0x0000000000000000      0x146 lib/ulib.a(vsprintf.o)
 .debug_aranges
                0x0000000000000000       0x20 lib/ulib.a(vsprintf.o)
 .debug_line    0x0000000000000000      0x191 lib/ulib.a(vsprintf.o)
 .debug_str     0x0000000000000000      0x1dd lib/ulib.a(vsprintf.o)
 .note.GNU-stack
                0x0000000000000000        0x0 lib/ulib.a(vsprintf.o)

Memory Configuration

Name             Origin             Length             Attributes
*default*        0x0000000000000000 0xffffffffffffffff

Linker script and memory map

Address of section .text set to 0xc0030400
LOAD kernel/kernel.o
LOAD kernel/syscall.o
LOAD kernel/start.o
LOAD kernel/main.o
LOAD kernel/clock.o
LOAD kernel/i8259.o
LOAD kernel/global.o
LOAD kernel/protect.o
LOAD kernel/proc.o
LOAD lib/kliba.o
LOAD lib/klib.o
LOAD lib/stringc.o
LOAD lib/stringasm.o
LOAD kernel/syscallc.o
LOAD kernel/memman.o
LOAD kernel/pagetbl.o
LOAD kernel/elf.o
LOAD kernel/file.o
LOAD kernel/exec.o
LOAD kernel/fork.o
LOAD kernel/pthread.o
LOAD kernel/ktest.o
LOAD kernel/testfunc.o
LOAD kernel/fs.o
LOAD kernel/hd.o
LOAD kernel/spinlock.o
LOAD kernel/fat32.o
LOAD kernel/base.o
LOAD kernel/assist.o
LOAD kernel/vfs.o
LOAD kernel/keyboard.o
LOAD kernel/tty.o
LOAD kernel/shell.o
LOAD kernel/console.o
LOAD lib/ulib.a
                [!provide]                        PROVIDE (__executable_start, 0x8048000)
                0x0000000008048094                . = (0x8048000 + SIZEOF_HEADERS)

.interp
 *(.interp)

.note.gnu.build-id
 *(.note.gnu.build-id)

.hash
 *(.hash)

.gnu.hash
 *(.gnu.hash)

.dynsym
 *(.dynsym)

.dynstr
 *(.dynstr)

.gnu.version
 *(.gnu.version)

.gnu.version_d
 *(.gnu.version_d)

.gnu.version_r
 *(.gnu.version_r)

.rel.dyn        0x0000000008048094        0x0
 *(.rel.init)
 *(.rel.text .rel.text.* .rel.gnu.linkonce.t.*)
 .rel.text      0x0000000008048094        0x0 kernel/kernel.o
 *(.rel.fini)
 *(.rel.rodata .rel.rodata.* .rel.gnu.linkonce.r.*)
 *(.rel.data.rel.ro .rel.data.rel.ro.* .rel.gnu.linkonce.d.rel.ro.*)
 *(.rel.data .rel.data.* .rel.gnu.linkonce.d.*)
 .rel.data      0x0000000008048094        0x0 kernel/kernel.o
 *(.rel.tdata .rel.tdata.* .rel.gnu.linkonce.td.*)
 *(.rel.tbss .rel.tbss.* .rel.gnu.linkonce.tb.*)
 *(.rel.ctors)
 *(.rel.dtors)
 *(.rel.got)
 *(.rel.bss .rel.bss.* .rel.gnu.linkonce.b.*)
 *(.rel.ifunc)

.rel.plt        0x0000000008048094        0x0
 *(.rel.plt)
                [!provide]                        PROVIDE (__rel_iplt_start, .)
 *(.rel.iplt)
 .rel.iplt      0x0000000008048094        0x0 kernel/kernel.o
                [!provide]                        PROVIDE (__rel_iplt_end, .)

.init
 *(SORT(.init))

.plt            0x00000000080480a0        0x0
 *(.plt)
 *(.iplt)
 .iplt          0x00000000080480a0        0x0 kernel/kernel.o

.plt.got
 *(.plt.got)

.text           0x00000000c0030400    0x10700
 *(.text.unlikely .text.*_unlikely .text.unlikely.*)
 *(.text.exit .text.exit.*)
 *(.text.startup .text.startup.*)
 *(.text.hot .text.hot.*)
 *(.text .stub .text.* .gnu.linkonce.t.*)
 .text          0x00000000c0030400      0x72d kernel/kernel.o
                0x00000000c0030400                _start
                0x00000000c0030450                hwint00
                0x00000000c0030480                hwint01
                0x00000000c00304b0                hwint02
                0x00000000c00304e0                hwint03
                0x00000000c0030510                hwint04
                0x00000000c0030540                hwint05
                0x00000000c0030570                hwint06
                0x00000000c00305a0                hwint07
                0x00000000c00305d0                hwint08
                0x00000000c0030600                hwint09
                0x00000000c0030630                hwint10
                0x00000000c0030660                hwint11
                0x00000000c0030690                hwint12
                0x00000000c00306c0                hwint13
                0x00000000c00306f0                hwint14
                0x00000000c0030720                hwint15
                0x00000000c0030750                divide_error
                0x00000000c0030778                single_step_exception
                0x00000000c00307a0                nmi
                0x00000000c00307c8                breakpoint_exception
                0x00000000c00307f0                overflow
                0x00000000c0030818                bounds_check
                0x00000000c0030840                inval_opcode
                0x00000000c0030868                copr_not_available
                0x00000000c0030890                double_fault
                0x00000000c00308b6                copr_seg_overrun
                0x00000000c00308de                inval_tss
                0x00000000c0030904                segment_not_present
                0x00000000c003092a                stack_exception
                0x00000000c0030950                general_protection
                0x00000000c0030976                page_fault
                0x00000000c003099c                copr_error
                0x00000000c0030a5d                sched
                0x00000000c0030aae                sys_call
                0x00000000c0030af4                restart_restore
                0x00000000c0030aff                restart_initial
                0x00000000c0030b0e                read_cr2
                0x00000000c0030b12                refresh_page_cache
                0x00000000c0030b19                halt
                0x00000000c0030b1a                get_arg
 *fill*         0x00000000c0030b2d        0x3 
 .text          0x00000000c0030b30      0x165 kernel/syscall.o
                0x00000000c0030b30                get_ticks
                0x00000000c0030b38                get_pid
                0x00000000c0030b40                kmalloc
                0x00000000c0030b4c                kmalloc_4k
                0x00000000c0030b58                malloc
                0x00000000c0030b64                malloc_4k
                0x00000000c0030b70                free
                0x00000000c0030b7c                free_4k
                0x00000000c0030b88                fork
                0x00000000c0030b90                pthread
                0x00000000c0030b9c                udisp_int
                0x00000000c0030ba8                udisp_str
                0x00000000c0030bb4                exec
                0x00000000c0030bc0                yield
                0x00000000c0030bcc                sleep
                0x00000000c0030bd8                print_E
                0x00000000c0030be4                print_F
                0x00000000c0030bf0                open
                0x00000000c0030bff                close
                0x00000000c0030c0e                read
                0x00000000c0030c1d                write
                0x00000000c0030c2c                lseek
                0x00000000c0030c3b                unlink
                0x00000000c0030c4a                create
                0x00000000c0030c59                delete
                0x00000000c0030c68                opendir
                0x00000000c0030c77                createdir
                0x00000000c0030c86                deletedir
 .text          0x00000000c0030c95       0x95 kernel/start.o
                0x00000000c0030c95                cstart
 .text          0x00000000c0030d2a      0x9b2 kernel/main.o
                0x00000000c0030d2a                kernel_main
 .text          0x00000000c00316dc       0x80 kernel/clock.o
                0x00000000c00316dc                clock_handler
                0x00000000c0031722                milli_delay
 .text          0x00000000c003175c      0x130 kernel/i8259.o
                0x00000000c003175c                init_8259A
                0x00000000c0031831                spurious_irq
                0x00000000c0031868                put_irq_handler
 .text          0x00000000c003188c        0x0 kernel/global.o
 .text          0x00000000c003188c      0x6c2 kernel/protect.o
                0x00000000c003188c                init_prot
                0x00000000c0031cc2                seg2phys
                0x00000000c0031d7e                exception_handler
                0x00000000c0031ed8                divide_error_handler
 .text          0x00000000c0031f4e      0x25a kernel/proc.o
                0x00000000c0031f4e                schedule
                0x00000000c0032019                alloc_PCB
                0x00000000c0032062                free_PCB
                0x00000000c0032075                sys_yield
                0x00000000c0032092                sys_sleep
                0x00000000c00320d2                sys_wakeup
                0x00000000c003211b                ldt_seg_linear
                0x00000000c0032165                va2la
 *fill*         0x00000000c00321a8        0x8 
 .text          0x00000000c00321b0      0x136 lib/kliba.o
                0x00000000c00321b0                disp_str
                0x00000000c00321fb                disp_color_str
                0x00000000c003223a                out_byte
                0x00000000c0032246                in_byte
                0x00000000c0032250                disable_irq
                0x00000000c0032285                enable_irq
                0x00000000c00322a4                port_read
                0x00000000c00322b7                port_write
                0x00000000c00322ca                disable_int
                0x00000000c00322cc                enable_int
                0x00000000c00322ce                write_char
 .text          0x00000000c00322e6      0x119 lib/klib.o
                0x00000000c00322e6                itoa
                0x00000000c0032391                disp_int
                0x00000000c00323b8                delay
 .text          0x00000000c00323ff       0x53 lib/stringc.o
                0x00000000c00323ff                strcat
 *fill*         0x00000000c0032452        0xe 
 .text          0x00000000c0032460       0x78 lib/stringasm.o
                0x00000000c0032460                memcpy
                0x00000000c0032489                memset
                0x00000000c00324aa                strcpy
                0x00000000c00324c2                strlen
 .text          0x00000000c00324d8      0x1a0 kernel/syscallc.o
                0x00000000c00324d8                sys_get_ticks
                0x00000000c00324e2                sys_get_pid
                0x00000000c00324f2                sys_kmalloc
                0x00000000c0032508                sys_kmalloc_4k
                0x00000000c0032515                sys_malloc
                0x00000000c003256c                sys_malloc_4k
                0x00000000c00325c7                sys_free
                0x00000000c00325f3                sys_free_4k
                0x00000000c003264a                sys_udisp_int
                0x00000000c0032661                sys_udisp_str
 .text          0x00000000c0032678     0x100b kernel/memman.o
                0x00000000c0032678                init
                0x00000000c0032b8b                memman_init
                0x00000000c0032bb8                memman_alloc
                0x00000000c0032cd4                memman_kalloc
                0x00000000c0032df0                memman_alloc_4k
                0x00000000c0032f13                memman_kalloc_4k
                0x00000000c0033036                memman_free
                0x00000000c003329a                memman_free_4k
                0x00000000c00332b2                do_malloc
                0x00000000c00332c8                do_kmalloc
                0x00000000c00332de                do_malloc_4k
                0x00000000c00332f1                do_kmalloc_4k
                0x00000000c0033304                do_free
                0x00000000c003331d                do_free_4k
                0x00000000c0033333                disp_free
                0x00000000c00333ac                memman_total
                0x00000000c00333e5                memman_test
 .text          0x00000000c0033683      0x7a9 kernel/pagetbl.o
                0x00000000c0033683                switch_pde
                0x00000000c0033699                init_page_pte
                0x00000000c0033767                page_fault_handler
                0x00000000c0033abf                get_pde_index
                0x00000000c0033aca                get_pte_index
                0x00000000c0033ada                get_pde_phy_addr
                0x00000000c0033b09                get_pte_phy_addr
                0x00000000c0033b42                get_page_phy_addr
                0x00000000c0033b7e                pte_exist
                0x00000000c0033bb4                phy_exist
                0x00000000c0033bea                write_page_pde
                0x00000000c0033c1b                write_page_pte
                0x00000000c0033c4c                vmalloc
                0x00000000c0033cc3                lin_mapping_phy
                0x00000000c0033de2                clear_kernel_pagepte_low
 .text          0x00000000c0033e2c      0x571 kernel/elf.o
                0x00000000c0033e2c                read_Ehdr
                0x00000000c0033e77                read_Phdr
                0x00000000c0033ec2                read_Shdr
                0x00000000c0033f0d                read_elf
                0x00000000c0033fcf                disp_Elf
 .text          0x00000000c003439d       0x66 kernel/file.o
                0x00000000c003439d                fake_open
                0x00000000c00343b1                fake_read
                0x00000000c00343f1                fake_seek
 .text          0x00000000c0034403      0x53c kernel/exec.o
                0x00000000c0034403                sys_exec
 .text          0x00000000c003493f      0x661 kernel/fork.o
                0x00000000c003493f                sys_fork
 .text          0x00000000c0034fa0      0x419 kernel/pthread.o
                0x00000000c0034fa0                sys_pthread
 .text          0x00000000c00353b9      0x38f kernel/ktest.o
                0x00000000c0035636                initial
 .text          0x00000000c0035748       0x9a kernel/testfunc.o
                0x00000000c0035748                sys_print_E
                0x00000000c0035795                sys_print_F
 .text          0x00000000c00357e2     0x2b48 kernel/fs.o
                0x00000000c00357e2                get_fs_dev
                0x00000000c0035874                init_fs
                0x00000000c003635c                real_open
                0x00000000c0036a36                read_super_block
                0x00000000c0036b6b                get_super_block
                0x00000000c003752e                real_close
                0x00000000c00375a4                real_read
                0x00000000c00375ed                real_write
                0x00000000c0037a21                real_unlink
                0x00000000c0038251                real_lseek
 .text          0x00000000c003832a     0x1388 kernel/hd.o
                0x00000000c003832a                init_hd
                0x00000000c00383ad                hd_open
                0x00000000c0038435                hd_close
                0x00000000c0038494                hd_rdwt
                0x00000000c00386d8                hd_service
                0x00000000c0038965                hd_rdwt_sched
                0x00000000c0038b28                hd_ioctl
 .text          0x00000000c00396b2       0x70 kernel/spinlock.o
                0x00000000c00396d5                initlock
                0x00000000c00396f7                acquire
                0x00000000c0039713                release
 .text          0x00000000c0039722     0x2005 kernel/fat32.o
                0x00000000c0039722                DeleteDir
                0x00000000c0039877                CreateDir
                0x00000000c0039aed                OpenDir
                0x00000000c0039d38                ReadFile
                0x00000000c0039f7f                WriteFile
                0x00000000c003a25b                CloseFile
                0x00000000c003a436                OpenFile
                0x00000000c003a9a7                CreateFile
                0x00000000c003ab0f                DeleteFile
                0x00000000c003ac70                IsFile
                0x00000000c003ad90                init_fs_fat
                0x00000000c003b3d7                rw_sector_fat
                0x00000000c003b42c                rw_sector_sched_fat
                0x00000000c003b473                debug
                0x00000000c003b49a                deint
                0x00000000c003b4c1                sys_CreateFile
                0x00000000c003b51c                sys_DeleteFile
                0x00000000c003b577                sys_OpenFile
                0x00000000c003b57d                sys_CloseFile
                0x00000000c003b5d8                sys_WriteFile
                0x00000000c003b65d                sys_ReadFile
                0x00000000c003b663                sys_OpenDir
                0x00000000c003b669                sys_CreateDir
                0x00000000c003b66f                sys_DeleteDir
                0x00000000c003b675                sys_ListDir
                0x00000000c003b67b                DisErrorInfo
 .text          0x00000000c003b727     0x1bd3 kernel/base.o
                0x00000000c003b727                ReadSector
                0x00000000c003b77a                WriteSector
                0x00000000c003b7ef                DeleteAllRecord
                0x00000000c003ba8f                FindClusterForDir
                0x00000000c003bbc4                GetFileOffset
                0x00000000c003bd12                GetNextSector
                0x00000000c003bff3                GetNextCluster
                0x00000000c003c0aa                ReadRecord
                0x00000000c003c26c                ClearFATs
                0x00000000c003c3c0                ClearRecord
                0x00000000c003c45c                PathToCluster
                0x00000000c003c63a                FindSpaceInDir
                0x00000000c003c8f2                GetNameFromRecord
                0x00000000c003ca4c                CreateRecord
                0x00000000c003cb94                WriteRecord
                0x00000000c003cc10                WriteFAT
                0x00000000c003cd92                AllotClustersForEmptyFile
                0x00000000c003ce70                AddCluster
                0x00000000c003cf47                NeedMoreCluster
                0x00000000c003d06f                FindClusterForFile
                0x00000000c003d1f0                ClearClusters
                0x00000000c003d287                strcmp
 .text          0x00000000c003d2fa      0x703 kernel/assist.o
                0x00000000c003d2fa                MakeFullPath
                0x00000000c003d3bb                ChangeCurrentPath
                0x00000000c003d522                GetNameFromPath
                0x00000000c003d5a7                GetParentFromPath
                0x00000000c003d605                IsFullPath
                0x00000000c003d64d                ToFullPath
                0x00000000c003d765                TimeToBytes
                0x00000000c003d7dd                FormatFileNameAndExt
                0x00000000c003d938                FormatDirNameAndExt
 .text          0x00000000c003d9fd      0xcdd kernel/vfs.o
                0x00000000c003d9fd                init_vfs
                0x00000000c003da1f                init_file_desc_table
                0x00000000c003da5d                init_fileop_table
                0x00000000c003db35                init_super_block_table
                0x00000000c003dbbb                init_sb_op_table
                0x00000000c003ddb9                sys_open
                0x00000000c003ddf4                sys_close
                0x00000000c003de18                sys_read
                0x00000000c003de66                sys_write
                0x00000000c003deb4                sys_lseek
                0x00000000c003df02                sys_unlink
                0x00000000c003df26                sys_create
                0x00000000c003df4a                sys_delete
                0x00000000c003df6e                sys_opendir
                0x00000000c003df92                sys_createdir
                0x00000000c003dfb6                sys_deletedir
                0x00000000c003dfda                do_vopen
                0x00000000c003e0b4                do_vclose
                0x00000000c003e0eb                do_vread
                0x00000000c003e128                do_vwrite
                0x00000000c003e1e6                do_vunlink
                0x00000000c003e276                do_vlseek
                0x00000000c003e2b3                do_vcreate
                0x00000000c003e37f                do_vdelete
                0x00000000c003e40f                do_vopendir
                0x00000000c003e4d7                do_vcreatedir
                0x00000000c003e59f                do_vdeletedir
 .text          0x00000000c003e6da      0x8d3 kernel/keyboard.o
                0x00000000c003e6da                kb_handler
                0x00000000c003e73c                mouse_handler
                0x00000000c003e8b8                init_kb
                0x00000000c003e971                init_mouse
                0x00000000c003e9a3                keyboard_read
 .text          0x00000000c003efad      0xa1b kernel/tty.o
                0x00000000c003efad                in_process
                0x00000000c003f1e9                task_tty
                0x00000000c003f8cb                tty_write
                0x00000000c003f905                tty_read
 .text          0x00000000c003f9c8      0x4a1 kernel/shell.o
                0x00000000c003f9c8                init_shell
                0x00000000c003f9e2                shell
                0x00000000c003fcf0                split
                0x00000000c003fdae                strncpy
 .text          0x00000000c003fe69      0x757 kernel/console.o
                0x00000000c003fe69                init_screen
                0x00000000c003ffed                out_char
                0x00000000c0040269                is_current_console
                0x00000000c004035b                select_console
                0x00000000c004039a                scroll_screen
 .text          0x00000000c00405c0       0x59 lib/ulib.a(printf.o)
                0x00000000c00405c0                printf
 .text          0x00000000c0040619      0x4e7 lib/ulib.a(vsprintf.o)
                0x00000000c0040677                vsprintf
                0x00000000c00408db                getchar
                0x00000000c0040906                gets
                0x00000000c0040946                strtoul
                0x00000000c0040ab3                strtol
                0x00000000c0040aec                atoi
 *(.gnu.warning)

.fini
 *(SORT(.fini))
                [!provide]                        PROVIDE (__etext, .)
                [!provide]                        PROVIDE (_etext, .)
                [!provide]                        PROVIDE (etext, .)

.rodata         0x00000000c0040b00     0x108e
 *(.rodata .rodata.* .gnu.linkonce.r.*)
 .rodata        0x00000000c0040b00       0x47 kernel/start.o
 *fill*         0x00000000c0040b47        0x1 
 .rodata        0x00000000c0040b48       0x9c kernel/main.o
 .rodata        0x00000000c0040be4       0x11 kernel/i8259.o
 *fill*         0x00000000c0040bf5        0xb 
 .rodata        0x00000000c0040c00      0x561 kernel/protect.o
 .rodata        0x00000000c0041161       0x24 kernel/memman.o
 *fill*         0x00000000c0041185        0x3 
 .rodata        0x00000000c0041188       0xcf kernel/pagetbl.o
 .rodata        0x00000000c0041257       0x1f kernel/elf.o
 *fill*         0x00000000c0041276        0x2 
 .rodata        0x00000000c0041278       0x6c kernel/exec.o
 .rodata        0x00000000c00412e4       0x2b kernel/fork.o
 .rodata        0x00000000c004130f       0x34 kernel/pthread.o
 *fill*         0x00000000c0041343        0x1 
 .rodata        0x00000000c0041344       0xb9 kernel/ktest.o
 .rodata        0x00000000c00413fd        0xb kernel/testfunc.o
 .rodata        0x00000000c0041408      0x27e kernel/fs.o
 .rodata        0x00000000c0041686       0xbe kernel/hd.o
 .rodata        0x00000000c0041744      0x207 kernel/fat32.o
 .rodata        0x00000000c004194b       0x17 kernel/base.o
 .rodata        0x00000000c0041962        0x5 kernel/assist.o
 *fill*         0x00000000c0041967        0x1 
 .rodata        0x00000000c0041968       0xc3 kernel/vfs.o
 *fill*         0x00000000c0041a2b        0x1 
 .rodata        0x00000000c0041a2c       0x64 kernel/keyboard.o
 .rodata        0x00000000c0041a90       0x90 kernel/tty.o
 .rodata        0x00000000c0041b20       0x6e kernel/shell.o

.rodata1
 *(.rodata1)

.eh_frame_hdr
 *(.eh_frame_hdr)
 *(.eh_frame_entry .eh_frame_entry.*)

.eh_frame       0x00000000c0041b90     0x2490
 *(.eh_frame)
 .eh_frame      0x00000000c0041b90       0x38 kernel/start.o
 .eh_frame      0x00000000c0041bc8       0x60 kernel/main.o
                                         0x78 (size before relaxing)
 .eh_frame      0x00000000c0041c28       0x40 kernel/clock.o
                                         0x58 (size before relaxing)
 .eh_frame      0x00000000c0041c68       0x60 kernel/i8259.o
                                         0x78 (size before relaxing)
 .eh_frame      0x00000000c0041cc8       0xd0 kernel/protect.o
                                         0xe8 (size before relaxing)
 .eh_frame      0x00000000c0041d98      0x100 kernel/proc.o
                                        0x118 (size before relaxing)
 .eh_frame      0x00000000c0041e98       0x60 lib/klib.o
                                         0x78 (size before relaxing)
 .eh_frame      0x00000000c0041ef8       0x20 lib/stringc.o
                                         0x38 (size before relaxing)
 .eh_frame      0x00000000c0041f18      0x140 kernel/syscallc.o
                                        0x158 (size before relaxing)
 .eh_frame      0x00000000c0042058      0x254 kernel/memman.o
                                        0x26c (size before relaxing)
 .eh_frame      0x00000000c00422ac      0x1e0 kernel/pagetbl.o
                                        0x1f8 (size before relaxing)
 .eh_frame      0x00000000c004248c       0xa0 kernel/elf.o
                                         0xb8 (size before relaxing)
 .eh_frame      0x00000000c004252c       0x60 kernel/file.o
                                         0x78 (size before relaxing)
 .eh_frame      0x00000000c004258c       0x84 kernel/exec.o
                                         0x9c (size before relaxing)
 .eh_frame      0x00000000c0042610       0x90 kernel/fork.o
                                         0xa8 (size before relaxing)
 .eh_frame      0x00000000c00426a0       0xb0 kernel/pthread.o
                                         0xc8 (size before relaxing)
 .eh_frame      0x00000000c0042750       0x40 kernel/ktest.o
                                         0x58 (size before relaxing)
 .eh_frame      0x00000000c0042790       0x40 kernel/testfunc.o
                                         0x58 (size before relaxing)
 .eh_frame      0x00000000c00427d0      0x434 kernel/fs.o
                                        0x44c (size before relaxing)
 .eh_frame      0x00000000c0042c04      0x2c0 kernel/hd.o
                                        0x2d8 (size before relaxing)
 .eh_frame      0x00000000c0042ec4       0x84 kernel/spinlock.o
                                         0x9c (size before relaxing)
 .eh_frame      0x00000000c0042f48      0x3b8 kernel/fat32.o
                                        0x3d0 (size before relaxing)
 .eh_frame      0x00000000c0043300      0x2e0 kernel/base.o
                                        0x2f8 (size before relaxing)
 .eh_frame      0x00000000c00435e0      0x120 kernel/assist.o
                                        0x138 (size before relaxing)
 .eh_frame      0x00000000c0043700      0x3dc kernel/vfs.o
                                        0x3f4 (size before relaxing)
 .eh_frame      0x00000000c0043adc      0x140 kernel/keyboard.o
                                        0x158 (size before relaxing)
 .eh_frame      0x00000000c0043c1c      0x11c kernel/tty.o
                                        0x134 (size before relaxing)
 .eh_frame      0x00000000c0043d38       0xa4 kernel/shell.o
                                         0xbc (size before relaxing)
 .eh_frame      0x00000000c0043ddc      0x144 kernel/console.o
                                        0x15c (size before relaxing)
 .eh_frame      0x00000000c0043f20       0x20 lib/ulib.a(printf.o)
                                         0x38 (size before relaxing)
 .eh_frame      0x00000000c0043f40       0xe0 lib/ulib.a(vsprintf.o)
                                         0xf8 (size before relaxing)
 *(.eh_frame.*)

.gcc_except_table
 *(.gcc_except_table .gcc_except_table.*)

.gnu_extab
 *(.gnu_extab*)

.exception_ranges
 *(.exception_ranges .exception_ranges*)
                0x00000000c0045020                . = DATA_SEGMENT_ALIGN (0x1000, 0x1000)

.eh_frame
 *(.eh_frame)
 *(.eh_frame.*)

.gnu_extab
 *(.gnu_extab)

.gcc_except_table
 *(.gcc_except_table .gcc_except_table.*)

.exception_ranges
 *(.exception_ranges .exception_ranges*)

.tdata
 *(.tdata .tdata.* .gnu.linkonce.td.*)

.tbss
 *(.tbss .tbss.* .gnu.linkonce.tb.*)
 *(.tcommon)

.preinit_array  0x00000000c0045020        0x0
                [!provide]                        PROVIDE (__preinit_array_start, .)
 *(.preinit_array)
                [!provide]                        PROVIDE (__preinit_array_end, .)

.init_array     0x00000000c0045020        0x0
                [!provide]                        PROVIDE (__init_array_start, .)
 *(SORT(.init_array.*) SORT(.ctors.*))
 *(.init_array EXCLUDE_FILE(*crtend?.o *crtend.o *crtbegin?.o *crtbegin.o) .ctors)
                [!provide]                        PROVIDE (__init_array_end, .)

.fini_array     0x00000000c0045020        0x0
                [!provide]                        PROVIDE (__fini_array_start, .)
 *(SORT(.fini_array.*) SORT(.dtors.*))
 *(.fini_array EXCLUDE_FILE(*crtend?.o *crtend.o *crtbegin?.o *crtbegin.o) .dtors)
                [!provide]                        PROVIDE (__fini_array_end, .)

.ctors
 *crtbegin.o(.ctors)
 *crtbegin?.o(.ctors)
 *(EXCLUDE_FILE(*crtend?.o *crtend.o) .ctors)
 *(SORT(.ctors.*))
 *(.ctors)

.dtors
 *crtbegin.o(.dtors)
 *crtbegin?.o(.dtors)
 *(EXCLUDE_FILE(*crtend?.o *crtend.o) .dtors)
 *(SORT(.dtors.*))
 *(.dtors)

.jcr
 *(.jcr)

.data.rel.ro
 *(.data.rel.ro.local* .gnu.linkonce.d.rel.ro.local.*)
 *(.data.rel.ro .data.rel.ro.* .gnu.linkonce.d.rel.ro.*)

.dynamic
 *(.dynamic)

.got
 *(.got)
 *(.igot)
                0x00000000c0045020                . = DATA_SEGMENT_RELRO_END (., (SIZEOF (.got.plt) >= 0xc)?0xc:0x0)

.got.plt        0x00000000c0045020        0x0
 *(.got.plt)
 *(.igot.plt)
 .igot.plt      0x00000000c0045020        0x0 kernel/kernel.o

.data           0x00000000c0045020      0x700
 *(.data .data.* .gnu.linkonce.d.*)
 .data          0x00000000c0045020        0x2 kernel/kernel.o
 .data          0x00000000c0045022        0x0 kernel/start.o
 .data          0x00000000c0045022        0x0 kernel/main.o
 .data          0x00000000c0045022        0x0 kernel/clock.o
 .data          0x00000000c0045022        0x0 kernel/i8259.o
 *fill*         0x00000000c0045022       0x1e 
 .data          0x00000000c0045040       0xd0 kernel/global.o
                0x00000000c0045040                task_table
                0x00000000c00450a0                sys_call_table
 .data          0x00000000c0045110        0x0 kernel/protect.o
 .data          0x00000000c0045110        0x0 kernel/proc.o
 .data          0x00000000c0045110        0x0 lib/klib.o
 .data          0x00000000c0045110        0x0 lib/stringc.o
 .data          0x00000000c0045110        0x0 kernel/syscallc.o
 .data          0x00000000c0045110        0x4 kernel/memman.o
                0x00000000c0045110                memman
 .data          0x00000000c0045114        0x0 kernel/pagetbl.o
 .data          0x00000000c0045114        0x0 kernel/elf.o
 .data          0x00000000c0045114        0x0 kernel/file.o
 .data          0x00000000c0045114        0x0 kernel/exec.o
 .data          0x00000000c0045114        0x0 kernel/fork.o
 .data          0x00000000c0045114        0x0 kernel/pthread.o
 .data          0x00000000c0045114        0x0 kernel/ktest.o
 .data          0x00000000c0045114        0x0 kernel/testfunc.o
 .data          0x00000000c0045114        0x0 kernel/fs.o
 .data          0x00000000c0045114        0x0 kernel/hd.o
 .data          0x00000000c0045114        0x0 kernel/spinlock.o
 .data          0x00000000c0045114        0x0 kernel/fat32.o
 .data          0x00000000c0045114        0x8 kernel/base.o
                0x00000000c0045114                FAT_END
                0x00000000c0045118                globalSectorIndex
 .data          0x00000000c004511c        0x0 kernel/assist.o
 .data          0x00000000c004511c        0x0 kernel/vfs.o
 *fill*         0x00000000c004511c        0x4 
 .data          0x00000000c0045120      0x600 kernel/keyboard.o
                0x00000000c0045120                keymap
 .data          0x00000000c0045720        0x0 kernel/tty.o
 .data          0x00000000c0045720        0x0 kernel/shell.o
 .data          0x00000000c0045720        0x0 kernel/console.o
 .data          0x00000000c0045720        0x0 lib/ulib.a(printf.o)
 .data          0x00000000c0045720        0x0 lib/ulib.a(vsprintf.o)

.data1
 *(.data1)
                0x00000000c0045720                _edata = .
                [!provide]                        PROVIDE (edata, .)
                0x00000000c0045720                . = .
                0x00000000c0045720                __bss_start = .

.bss            0x00000000c0045720    0x38848
 *(.dynbss)
 *(.bss .bss.* .gnu.linkonce.b.*)
 .bss           0x00000000c0045720     0x1000 kernel/kernel.o
 .bss           0x00000000c0046720        0x0 kernel/start.o
 .bss           0x00000000c0046720        0x0 kernel/main.o
 .bss           0x00000000c0046720        0x0 kernel/clock.o
 .bss           0x00000000c0046720        0x0 kernel/i8259.o
 .bss           0x00000000c0046720        0x0 kernel/global.o
 .bss           0x00000000c0046720        0x0 kernel/protect.o
 .bss           0x00000000c0046720        0x0 kernel/proc.o
 .bss           0x00000000c0046720        0x0 lib/klib.o
 .bss           0x00000000c0046720        0x0 lib/stringc.o
 .bss           0x00000000c0046720        0x4 kernel/syscallc.o
                0x00000000c0046720                memarg
 *fill*         0x00000000c0046724       0x1c 
 .bss           0x00000000c0046740      0x400 kernel/memman.o
                0x00000000c0046740                MemInfo
 .bss           0x00000000c0046b40        0x4 kernel/pagetbl.o
                0x00000000c0046b40                cr2_count
 .bss           0x00000000c0046b44        0x0 kernel/elf.o
 .bss           0x00000000c0046b44        0x4 kernel/file.o
 .bss           0x00000000c0046b48        0x0 kernel/exec.o
 .bss           0x00000000c0046b48        0x0 kernel/fork.o
 .bss           0x00000000c0046b48        0x0 kernel/pthread.o
 .bss           0x00000000c0046b48        0x0 kernel/ktest.o
 .bss           0x00000000c0046b48        0x0 kernel/testfunc.o
 *fill*         0x00000000c0046b48       0x18 
 .bss           0x00000000c0046b60      0xb20 kernel/fs.o
 .bss           0x00000000c0047680      0x420 kernel/hd.o
 .bss           0x00000000c0047aa0        0x0 kernel/spinlock.o
 .bss           0x00000000c0047aa0      0x200 kernel/fat32.o
                0x00000000c0047aa0                VDiskPath
                0x00000000c0047ba0                cur_path
 .bss           0x00000000c0047ca0      0x420 kernel/base.o
                0x00000000c0047ca0                TotalSectors
                0x00000000c0047ca4                Bytes_Per_Sector
                0x00000000c0047ca6                Sectors_Per_Cluster
                0x00000000c0047ca8                Reserved_Sector
                0x00000000c0047cac                Sectors_Per_FAT
                0x00000000c0047cb0                Position_Of_RootDir
                0x00000000c0047cb4                Position_Of_FAT1
                0x00000000c0047cb8                Position_Of_FAT2
                0x00000000c0047cc0                FATBuf
 .bss           0x00000000c00480c0        0x0 kernel/assist.o
 .bss           0x00000000c00480c0      0x134 kernel/vfs.o
 *fill*         0x00000000c00481f4        0xc 
 .bss           0x00000000c0048200      0x184 kernel/keyboard.o
 .bss           0x00000000c0048384        0x0 kernel/tty.o
 .bss           0x00000000c0048384        0x0 kernel/shell.o
 .bss           0x00000000c0048384        0x0 kernel/console.o
 .bss           0x00000000c0048384        0x0 lib/ulib.a(printf.o)
 .bss           0x00000000c0048384        0x0 lib/ulib.a(vsprintf.o)
 *(COMMON)
 COMMON         0x00000000c0048384       0x10 kernel/start.o
                0x00000000c0048384                PARTITION_ENTRY
 *fill*         0x00000000c0048394        0xc 
 COMMON         0x00000000c00483a0    0x1ba20 kernel/global.o
                0x00000000c00483a0                idt_ptr
                0x00000000c00483a8                k_reenter
                0x00000000c00483c0                gdt
                0x00000000c00487c0                tty_table
                0x00000000c0049460                cpu_table
                0x00000000c004b460                tss
                0x00000000c004b4c8                p_proc_current
                0x00000000c004b4cc                cr3_ready
                0x00000000c004b4d0                p_proc_next
                0x00000000c004b4d4                disp_pos
                0x00000000c004b4d8                gdt_ptr
                0x00000000c004b4e0                idt
                0x00000000c004bce0                kernel_initial
                0x00000000c004bce4                ticks
                0x00000000c004bd00                console_table
                0x00000000c004bd60                irq_table
                0x00000000c004bda0                u_proc_sum
                0x00000000c004bdc0                proc_table
 COMMON         0x00000000c0063dc0     0x7fe0 kernel/memman.o
                0x00000000c0063dc0                s_memman
 COMMON         0x00000000c006bda0        0x4 kernel/pagetbl.o
                0x00000000c006bda0                cr2_save
 *fill*         0x00000000c006bda4       0x1c 
 COMMON         0x00000000c006bdc0      0x340 kernel/hd.o
                0x00000000c006bdc0                hd_info
 COMMON         0x00000000c006c100    0x10824 kernel/fat32.o
                0x00000000c006c100                state
                0x00000000c006c120                f_desc_table_fat
                0x00000000c007c920                buf
 *fill*         0x00000000c007c924       0x1c 
 COMMON         0x00000000c007c940      0xc00 kernel/vfs.o
                0x00000000c007c940                f_desc_table
                0x00000000c007d340                super_block
 COMMON         0x00000000c007d540        0x4 kernel/tty.o
                0x00000000c007d540                current_console
 *fill*         0x00000000c007d544       0x1c 
 COMMON         0x00000000c007d560      0xa08 kernel/shell.o
                0x00000000c007d560                argv
                0x00000000c007df60                argc
                0x00000000c007df64                fd
                0x00000000c007df68                . = ALIGN ((. != 0x0)?0x4:0x1)
                0x00000000c007df68                . = ALIGN (0x4)
                0x00000000c007df68                . = SEGMENT_START ("ldata-segment", .)
                0x00000000c007df68                . = ALIGN (0x4)
                0x00000000c007df68                _end = .
                [!provide]                        PROVIDE (end, .)
                0x00000000c007df68                . = DATA_SEGMENT_END (.)

.stab
 *(.stab)

.stabstr
 *(.stabstr)

.stab.excl
 *(.stab.excl)

.stab.exclstr
 *(.stab.exclstr)

.stab.index
 *(.stab.index)

.stab.indexstr
 *(.stab.indexstr)

.comment        0x0000000000000000       0x35
 *(.comment)
 .comment       0x0000000000000000       0x35 kernel/start.o
                                         0x36 (size before relaxing)
 .comment       0x0000000000000035       0x36 kernel/main.o
 .comment       0x0000000000000035       0x36 kernel/clock.o
 .comment       0x0000000000000035       0x36 kernel/i8259.o
 .comment       0x0000000000000035       0x36 kernel/global.o
 .comment       0x0000000000000035       0x36 kernel/protect.o
 .comment       0x0000000000000035       0x36 kernel/proc.o
 .comment       0x0000000000000035       0x36 lib/klib.o
 .comment       0x0000000000000035       0x36 lib/stringc.o
 .comment       0x0000000000000035       0x36 kernel/syscallc.o
 .comment       0x0000000000000035       0x36 kernel/memman.o
 .comment       0x0000000000000035       0x36 kernel/pagetbl.o
 .comment       0x0000000000000035       0x36 kernel/elf.o
 .comment       0x0000000000000035       0x36 kernel/file.o
 .comment       0x0000000000000035       0x36 kernel/exec.o
 .comment       0x0000000000000035       0x36 kernel/fork.o
 .comment       0x0000000000000035       0x36 kernel/pthread.o
 .comment       0x0000000000000035       0x36 kernel/ktest.o
 .comment       0x0000000000000035       0x36 kernel/testfunc.o
 .comment       0x0000000000000035       0x36 kernel/fs.o
 .comment       0x0000000000000035       0x36 kernel/hd.o
 .comment       0x0000000000000035       0x36 kernel/spinlock.o
 .comment       0x0000000000000035       0x36 kernel/fat32.o
 .comment       0x0000000000000035       0x36 kernel/base.o
 .comment       0x0000000000000035       0x36 kernel/assist.o
 .comment       0x0000000000000035       0x36 kernel/vfs.o
 .comment       0x0000000000000035       0x36 kernel/keyboard.o
 .comment       0x0000000000000035       0x36 kernel/tty.o
 .comment       0x0000000000000035       0x36 kernel/shell.o
 .comment       0x0000000000000035       0x36 kernel/console.o
 .comment       0x0000000000000035       0x36 lib/ulib.a(printf.o)
 .comment       0x0000000000000035       0x36 lib/ulib.a(vsprintf.o)

.debug
 *(.debug)

.line
 *(.line)

.debug_srcinfo
 *(.debug_srcinfo)

.debug_sfnames
 *(.debug_sfnames)

.debug_aranges
 *(.debug_aranges)

.debug_pubnames
 *(.debug_pubnames)

.debug_info
 *(.debug_info .gnu.linkonce.wi.*)

.debug_abbrev
 *(.debug_abbrev)

.debug_line
 *(.debug_line .debug_line.* .debug_line_end)

.debug_frame
 *(.debug_frame)

.debug_str
 *(.debug_str)

.debug_loc
 *(.debug_loc)

.debug_macinfo
 *(.debug_macinfo)

.debug_weaknames
 *(.debug_weaknames)

.debug_funcnames
 *(.debug_funcnames)

.debug_typenames
 *(.debug_typenames)

.debug_varnames
 *(.debug_varnames)

.debug_pubtypes
 *(.debug_pubtypes)

.debug_ranges
 *(.debug_ranges)

.debug_macro
 *(.debug_macro)

.gnu.attributes
 *(.gnu.attributes)

/DISCARD/
 *(.note.GNU-stack)
 *(.gnu_debuglink)
 *(.gnu.lto_*)
OUTPUT(kernel.bin elf32-i386)
